[web.archive.org/web/20180722135401/http_/icraect.org/index.html]
[archive.org/includes/analytics2a5b.js]
[web.archive.org/_static/js/ait-client-rewrite.js]
[web.archive.org/_static/js/wbhack.js]
[web.archive.org/_static/css/banner-styles.css]
[backblue.gif]
[fade.gif]
[index.html]
[web.archive.org/_static/css/iconochive.css]
[web.archive.org/web/20180831000952im_/http_/icraect.org/wp-content/uploads/2018/01/sjbit-Logo.png]
[web.archive.org/web/20180831024545cs_/http_/icraect.org/wp-content/plugins/LayerSlider/static/layerslider/css/layerslider369f.css]
[web.archive.org/web/20180831040815cs_/http_/icraect.org/wp-content/plugins/revslider/public/assets/css/settings9d07.css]
[web.archive.org/web/20180831033253cs_/http_/icraect.org/wp-content/themes/jupiter/assets/stylesheet/min/full-styles.6.0.2d97a.css]
[web.archive.org/web/20180831021722cs_/http_/icraect.org/wp-content/themes/jupiter/header-builder/includes/assets/css/mkhb-grid5b21.css]
[web.archive.org/web/20180831003659cs_/http_/icraect.org/wp-content/themes/jupiter/header-builder/includes/assets/css/mkhb-render5b21.css]
[web.archive.org/web/20180831003411cs_/http_/icraect.org/wp-content/plugins/js_composer_theme/assets/css/js_composer.min5243.css]
[web.archive.org/web/20180831004120cs_/http_/icraect.org/wp-content/uploads/mk_assets/theme-options-production-1515949383d409.css]
[web.archive.org/web/20180830232745cs_/http_/icraect.org/wp-content/plugins/masterslider/public/assets/css/masterslider.mainee9a.css]
[web.archive.org/web/20180722135401js_/http_/icraect.org/wp-content/themes/jupiter/assets/js/plugins/wp-enqueue/min/webfontloader37cb.js]
[web.archive.org/web/20180831023249js_/http_/icraect.org/wp-content/plugins/LayerSlider/static/layerslider/js/greensockb3a6.js]
[web.archive.org/web/20180831014458js_/http_/icraect.org/wp-includes/js/jquery/jqueryb8ff.js]
[web.archive.org/web/20180831033003js_/http_/icraect.org/wp-includes/js/jquery/jquery-migrate.min330a.js]
[web.archive.org/web/20180831005233js_/http_/icraect.org/wp-content/plugins/LayerSlider/static/layerslider/js/layerslider.kreaturamedia.jquery369f.js]
[web.archive.org/web/20180831025955js_/http_/icraect.org/wp-content/plugins/LayerSlider/static/layerslider/js/layerslider.transitions369f.js]
[web.archive.org/web/20180831003434js_/http_/icraect.org/wp-content/plugins/revslider/public/assets/js/jquery.themepunch.tools.min9d07.js]
[web.archive.org/web/20180831024203js_/http_/icraect.org/wp-content/plugins/revslider/public/assets/js/jquery.themepunch.revolution.min9d07.js]
[web.archive.org/web/20180831031753im_/http_/icraect.org/wp-content/uploads/2018/01/cropped-ICRAECT-1-32x32.png]
[web.archive.org/web/20180831015205im_/http_/icraect.org/wp-content/uploads/2018/01/cropped-ICRAECT-1-192x192.png]
[web.archive.org/web/20180831013527im_/http_/icraect.org/wp-content/uploads/2018/01/cropped-ICRAECT-1-180x180.png]
[web.archive.org/_static/js/timestamp.js]
[web.archive.org/_static/js/graph-calc.js]
[web.archive.org/_static/js/auto-complete.js]
[web.archive.org/_static/js/toolbar.js]
[web.archive.org/_static/images/toolbar/wayback-toolbar-logo.png]
[web.archive.org/_static/images/toolbar/wm_tb_prv_on.png]
[web.archive.org/_static/images/toolbar/wm_tb_nxt_on.png]
[web.archive.org/_static/images/loading.gif]
[web.archive.org/web/20180831003711im_/http_/icraect.org/wp-content/uploads/2018/01/main.png]
[web.archive.org/web/20180831032843im_/http_/icraect.org/wp-content/uploads/2018/01/swamijis-2-1.png]
[web.archive.org/web/20180830233337im_/http_/icraect.org/wp-content/uploads/2018/01/ICRAECT.png]
[web.archive.org/web/20180831040808im_/http_/icraect.org/wp-content/uploads/2018/01/ECE-1.jpg]
[web.archive.org/web/20180831030944js_/http_/icraect.org/wp-content/themes/jupiter/assets/js/min/full-scripts.6.0.268aa.js]
[web.archive.org/web/20180831002907js_/http_/icraect.org/wp-content/themes/jupiter/header-builder/includes/assets/js/mkhb-render5b21.js]
[web.archive.org/web/20180722135401js_/http_/icraect.org/wp-includes/js/wp-embed.min37cb.js]
[web.archive.org/web/20180722135401/http_/icraect.org/index.html]
[analytics.archive.org/0.gif]
[archive.org/includes/analytics2a5b.js]
[web.archive.org/web/20180831004222js_/http_/icraect.org/wp-content/plugins/js_composer_theme/assets/js/dist/js_composer_front.min5243.js]
[web.archive.org/_static/css/banner-styles.css]
[web.archive.org/_static/css/iconochive.css]
[web.archive.org/web/20180722135401/http_/icraect.org/feed/index.html]
[web.archive.org/web/20180722135401/http_/icraect.org/comments/feed/index.html]
[web.archive.org/web/20180831024545cs_/http_/icraect.org/wp-content/plugins/LayerSlider/static/layerslider/css/layerslider369f.css]
[web.archive.org/_static/css/record.css]
[web.archive.org/web/20181113010059im_/http_/icraect.org/wp-content/plugins/revslider/public/assets/assets/gridtile.png]
[web.archive.org/web/20181113053647im_/http_/icraect.org/wp-content/plugins/revslider/public/assets/assets/gridtile_white.png]
[web.archive.org/web/20181113013819im_/http_/icraect.org/wp-content/plugins/revslider/public/assets/assets/gridtile_3x3.png]
[web.archive.org/web/20181113112233im_/http_/icraect.org/wp-content/plugins/revslider/public/assets/assets/gridtile_3x3_white.png]
[web.archive.org/web/20181113033655im_/http_/icraect.org/wp-content/plugins/revslider/public/assets/assets/coloredbg.png]
[web.archive.org/web/20181113023836im_/http_/icraect.org/wp-content/plugins/revslider/public/assets/assets/loader.gif]
[web.archive.org/web/20180831040815cs_/http_/icraect.org/wp-content/plugins/revslider/public/assets/css/settings9d07.css]
[web.archive.org/web/20181112223343im_/http_/icraect.org/wp-content/themes/jupiter/assets/images/pre_code.gif]
[web.archive.org/web/20180831033253cs_/http_/icraect.org/wp-content/themes/jupiter/assets/stylesheet/min/full-styles.6.0.2d97a.css]
[web.archive.org/web/20180831021722cs_/http_/icraect.org/wp-content/themes/jupiter/header-builder/includes/assets/css/mkhb-grid5b21.css]
[web.archive.org/web/20180831003659cs_/http_/icraect.org/wp-content/themes/jupiter/header-builder/includes/assets/css/mkhb-render5b21.css]
[web.archive.org/web/20181112134648im_/http_/icraect.org/wp-content/plugins/js_composer_theme/assets/vc/alert.png]
[web.archive.org/web/20180831003411cs_/http_/icraect.org/wp-content/plugins/js_composer_theme/assets/css/js_composer.min5243.css]
[web.archive.org/web/20180831004120cs_/http_/icraect.org/wp-content/uploads/mk_assets/theme-options-production-1515949383d409.css]
[web.archive.org/web/20181112081726im_/http_/icraect.org/wp-content/plugins/masterslider/public/assets/css/common/loading-2.gif]
[web.archive.org/web/20181112142459im_/http_/icraect.org/wp-content/plugins/masterslider/public/assets/css/common/grab.png]
[web.archive.org/web/20181112140623im_/http_/icraect.org/wp-content/plugins/masterslider/public/assets/css/common/grabbing.png]
[web.archive.org/web/20181112123737im_/http_/icraect.org/wp-content/plugins/masterslider/public/assets/css/common/video-close-btn.png]
[web.archive.org/web/20181112130423im_/http_/icraect.org/wp-content/plugins/masterslider/public/assets/css/skins/light-skin-1.png]
[web.archive.org/web/20181112084324im_/http_/icraect.org/wp-content/plugins/masterslider/public/assets/css/skins/light-skin-1-retina.png]
[web.archive.org/web/20181112104451im_/http_/icraect.org/wp-content/plugins/masterslider/public/assets/css/skins/black-skin-1.png]
[web.archive.org/web/20181112135104im_/http_/icraect.org/wp-content/plugins/masterslider/public/assets/css/skins/black-skin-1-retina.png]
[web.archive.org/web/20181112093019im_/http_/icraect.org/wp-content/plugins/masterslider/public/assets/css/skins/black-skin-2.png]
[web.archive.org/web/20181112085901im_/http_/icraect.org/wp-content/plugins/masterslider/public/assets/css/skins/black-skin-2-retina.png]
[web.archive.org/web/20181112065859im_/http_/icraect.org/wp-content/plugins/masterslider/public/assets/css/skins/light-skin-2.png]
[web.archive.org/web/20181112135226im_/http_/icraect.org/wp-content/plugins/masterslider/public/assets/css/skins/light-skin-2-retina.png]
[web.archive.org/web/20181112083619im_/http_/icraect.org/wp-content/plugins/masterslider/public/assets/css/skins/light-skin-3.png]
[web.archive.org/web/20181112101235im_/http_/icraect.org/wp-content/plugins/masterslider/public/assets/css/skins/light-skin-3-retina.png]
[web.archive.org/web/20181112075243im_/http_/icraect.org/wp-content/plugins/masterslider/public/assets/css/skins/light-skin-4.png]
[web.archive.org/web/20181112073645im_/http_/icraect.org/wp-content/plugins/masterslider/public/assets/css/skins/light-skin-4-retina.png]
[web.archive.org/web/20181112050655im_/http_/icraect.org/wp-content/plugins/masterslider/public/assets/css/skins/light-skin-5.png]
[web.archive.org/web/20181112074726im_/http_/icraect.org/wp-content/plugins/masterslider/public/assets/css/skins/light-skin-5-retina.png]
[web.archive.org/web/20181112135535im_/http_/icraect.org/wp-content/plugins/masterslider/public/assets/css/skins/light-skin-6.png]
[web.archive.org/web/20181112113245im_/http_/icraect.org/wp-content/plugins/masterslider/public/assets/css/skins/light-skin-6-retina.png]
[web.archive.org/web/20181112112222im_/http_/icraect.org/wp-content/plugins/masterslider/public/assets/css/skins/metro-skin.png]
[web.archive.org/web/20181112070559im_/http_/icraect.org/wp-content/plugins/masterslider/public/assets/css/skins/metro-skin-retina.png]
[web.archive.org/web/20181112100633im_/http_/icraect.org/wp-content/plugins/masterslider/public/assets/css/skins/contrast-skin.png]
[web.archive.org/web/20181112100307im_/http_/icraect.org/wp-content/plugins/masterslider/public/assets/css/skins/contrast-skin-retina.png]
[web.archive.org/web/20181112052351im_/http_/icraect.org/wp-content/plugins/masterslider/public/assets/css/templates/device-skin.png]
[web.archive.org/web/20181112142934im_/http_/icraect.org/wp-content/plugins/masterslider/public/assets/css/templates/gallery-btns.png]
[web.archive.org/web/20181112140247im_/http_/icraect.org/wp-content/plugins/masterslider/public/assets/css/templates/staff-arrows.png]
[web.archive.org/web/20181112131907im_/http_/icraect.org/wp-content/plugins/masterslider/public/assets/css/templates/vertical-arrows.png]
[web.archive.org/web/20180830232745cs_/http_/icraect.org/wp-content/plugins/masterslider/public/assets/css/masterslider.mainee9a.css]
[web.archive.org/web/20180831034220cs_/http_/icraect.org/wp-content/uploads/masterslider/custom4963.css]
[web.archive.org/web/20180722135401js_/http_/icraect.org/wp-content/themes/jupiter/assets/js/plugins/wp-enqueue/min/webfontloader37cb.html]
[web.archive.org/web/20180722135401/http_/icraect.org/about/index.html]
[web.archive.org/web/20180722135401/http_/icraect.org/committees/index.html]
[web.archive.org/web/20180722135401/http_/icraect.org/registration/index.html]
[web.archive.org/web/20180722135401/http_/icraect.org/paper-submission/index.html]
[web.archive.org/web/20180722135401/http_/icraect.org/important-dates/index.html]
[web.archive.org/web/20180722135401/http_/icraect.org/call-for-papers/index.html]
[web.archive.org/web/20180722135401/http_/icraect.org/venue/index.html]
[web.archive.org/web/20180722135401/http_/icraect.org/contact-us/index.html]
[web.archive.org/web/20180722135401js_/http_/icraect.org/wp-includes/js/wp-embed.min37cb.html]
[web.archive.org/_static/css/record.css]
